
[1m[37m===[39m Deploying to 'kosai-ae167'...[22m

[36m[1mi [22m[39m deploying [1mfirestore[22m
[36m[1mi  firestore:[22m[39m ensuring required API [1mfirestore.googleapis.com[22m is enabled...
[32m[1m✔  firestore:[22m[39m required API [1mfirestore.googleapis.com[22m is enabled
[36m[1mi  firestore:[22m[39m ensuring required API [1mfirestore.googleapis.com[22m is enabled...
[36m[1mi  cloud.firestore:[22m[39m checking [1mfirestore.rules[22m for compilation errors...
[32m[1m✔  cloud.firestore:[22m[39m rules file [1mfirestore.rules[22m compiled successfully
[36m[1mi  firestore:[22m[39m uploading rules [1mfirestore.rules[22m...
[32m[1m✔  firestore:[22m[39m released rules [1mfirestore.rules[22m to [1mcloud.firestore[22m

[32m[1m✔ [22m[39m [1m[4mDeploy complete![24m[22m

[1mProject Console:[22m https://console.firebase.google.com/project/kosai-ae167/overview

[1m[37m===[39m Deploying to 'kosai-ae167'...[22m

[36m[1mi [22m[39m deploying [1mfunctions[22m
[36m[1mi  functions:[22m[39m preparing codebase [1mdefault[22m for deployment
[36m[1mi  functions:[22m[39m ensuring required API [1mcloudfunctions.googleapis.com[22m is enabled...
[36m[1mi  functions:[22m[39m ensuring required API [1mcloudbuild.googleapis.com[22m is enabled...
[36m[1mi  artifactregistry:[22m[39m ensuring required API [1martifactregistry.googleapis.com[22m is enabled...
[32m[1m✔  functions:[22m[39m required API [1mcloudbuild.googleapis.com[22m is enabled
[32m[1m✔  artifactregistry:[22m[39m required API [1martifactregistry.googleapis.com[22m is enabled
[33m[1m⚠  functions:[22m[39m Runtime Node.js 20 was deprecated on 2026-04-30 and will be decommissioned on 2026-10-30, after which you will not be able to deploy without upgrading. Consider upgrading now to avoid disruption. See https://cloud.google.com/functions/docs/runtime-support for full details on the lifecycle policy
[33m[1m⚠ [22m[39m [1m[33mfunctions: [39m[22mpackage.json indicates an outdated version of firebase-functions. Please upgrade using [1mnpm install --save firebase-functions@latest[22m in your functions directory.
[33m[1m⚠ [22m[39m [1m[33mfunctions: [39m[22mPlease note that there will be breaking changes when you upgrade.
[36m[1mi  functions:[22m[39m Loading and analyzing source code for codebase default to determine what to deploy
Serving at port 8495

ReferenceError: Cannot access 'TOSS_SECRET_KEY' before initialization
    at Object.<anonymous> (/home/runner/work/kosairesearch.github.io/kosairesearch.github.io/functions/index.js:466:43)
    at Module._compile (node:internal/modules/cjs/loader:1521:14)
    at Module._extensions..js (node:internal/modules/cjs/loader:1623:10)
    at Module.load (node:internal/modules/cjs/loader:1266:32)
    at Module._load (node:internal/modules/cjs/loader:1091:12)
    at Module.require (node:internal/modules/cjs/loader:1289:19)
    at require (node:internal/modules/helpers:182:18)
    at loadModule (/home/runner/work/kosairesearch.github.io/kosairesearch.github.io/functions/node_modules/firebase-functions/lib/runtime/loader.js:40:16)
    at loadStack (/home/runner/work/kosairesearch.github.io/kosairesearch.github.io/functions/node_modules/firebase-functions/lib/runtime/loader.js:157:23)
    at /home/runner/work/kosairesearch.github.io/kosairesearch.github.io/functions/node_modules/firebase-functions/lib/bin/firebase-functions.js:56:56


[1m[31mError:[39m[22m Functions codebase could not be analyzed successfully. It may have a syntax or runtime error
