DART_KEY_SET=true (len=40)
=== 스크립트 시작 Thu Oct  8 09:26:52 UTC 2026 ===
=======================================================
  KOS ai 데이터 수집 시작
=======================================================
KRX 로그인 시도...
  로그인 ID: (가림)
KRX 로그인 완료.
  로그인 시간: 2026-10-08 09:26:55
  만료 시간: 2026-10-08 10:26:55
  기준 거래일: 20261008  |  현재 게시본: 20261007

## KOS ai 데이터 수집 — 기준 거래일 20261008
  [krx-cache] 20261008 CSV 2872행 로드
  [krx-cache] 가격 유효 2684개 종목 (우선주·스팩 188개 제외)
- 시세 수집: 2684개 종목 (데이터 거래일 20261008)
- 영문명 이월: 2681개
  [DART] 영문명 미보강 31개 종목 DART 수집 중...
  [DART] 영문명·시총 보강 완료
  [분류] AI 업종 캐시 2716개 적용
  [분류] 카테고리 부여 완료 — 기타 35/2684개
- 전 종목 수집 2684개(기존 2684) — 상폐 자동 정리 적용
✅ data/stocks.js 생성 완료 — 2684개 종목 (2026-10-08 18:27 KST)
- 최종 출력: 2684개 종목 — dataDate 20261008
=======================================================
게시본: dataDate=20261008  종목 2684개  lastUpdated=2026-10-08 18:27
⚠️ valuation.js(20261007)가 시세(20261008)보다 뒤처짐 — collect_valuation 이 아직 안 돈 정상 시차(최대 2시간).
KRX 로그인 실패: KRX_ID 또는 KRX_PW 환경 변수가 설정되지 않았습니다.
✅ 신선도 정상 — 최신 거래일 20261008 종가가 게시돼 있다.
